nohup: ignoring input
Starting pretraining experiment analysis...
Map: encouraged_division_of_labor_large
Cluster: cuenca
Smoothing factor: 15
Study name: None
Game type: classic
Synergy scaling factor: 0.0
Individual trainings: True
Processing single init type: random_init

================================================================================
Processing init type: random_init
================================================================================

Auto-detected synergy values: [0.0]
Detected specialization folders for synergy=0.0: ['specialized_0']

============================================================
PROCESSING SYNERGY=0, SPECIALIZED_0 DATA
============================================================
  Found data at: /data/samuel_lozano/cooked/pretraining/classic/random_init/map_encouraged_division_of_labor_large/synergy_0/specialized_0
Loading experiment data from directory: /data/samuel_lozano/cooked/pretraining/classic/random_init/map_encouraged_division_of_labor_large/synergy_0/specialized_0
Direct training folders detected
  Found REWARD_WEIGHTS: {'ai_rl_1': (1.0, 0.0)}
  Reward pattern matches: [('ai_rl_1', '1.0', '0.0')]
  GAME_VERSION extracted: classic
  Found WALKING_SPEEDS: {'ai_rl_1': 1.0}
    Extracted walking_speed_1: 1.0
  Found CUTTING_SPEEDS: {'ai_rl_1': 1.0}
    Extracted cutting_speed_1: 1.0
Processing /data/samuel_lozano/cooked/pretraining/classic/random_init/map_encouraged_division_of_labor_large/synergy_0/specialized_0/Training_2026-02-07_02-46-54 with NUM_ENVS = 1
Single environment detected (NUM_ENVS = 1)
Loaded 100 episodes from single environment
Parsed training folder /data/samuel_lozano/cooked/pretraining/classic/random_init/map_encouraged_division_of_labor_large/synergy_0/specialized_0/Training_2026-02-07_02-46-54:
  NUM_ENVS detected: 1
  SEED detected: 0
  GAME_TYPE detected: classic
  Walking speeds: {1: 1.0}
  Cutting speeds: {1: 1.0}
  DataFrame shape: (100, 39)
  All columns: ['timestamp', 'alpha_1', 'beta_1', 'lr', 'seed', 'game_type', 'walking_speed_1', 'cutting_speed_1', 'episode', 'collisions_detected', 'collisions_rerouted', 'collisions_failed', 'pure_reward_ai_rl_1', 'modified_reward_ai_rl_1', 'deliver_ai_rl_1', 'salad_ai_rl_1', 'cut_ai_rl_1', 'plate_ai_rl_1', 'raw_food_ai_rl_1', 'counter_ai_rl_1', 'actions_asked_ai_rl_1', 'actions_not_available_ai_rl_1', 'inaccessible_actions_ai_rl_1', 'do_nothing_ai_rl_1', 'useless_floor_ai_rl_1', 'useless_wall_ai_rl_1', 'useless_counter_ai_rl_1', 'useful_counter_ai_rl_1', 'salad_assembly_ai_rl_1', 'destructive_food_dispenser_ai_rl_1', 'useful_food_dispenser_ai_rl_1', 'useless_cutting_board_ai_rl_1', 'useful_cutting_board_ai_rl_1', 'destructive_plate_dispenser_ai_rl_1', 'useful_plate_dispenser_ai_rl_1', 'useless_delivery_ai_rl_1', 'useful_delivery_ai_rl_1', 'inaccessible_tile_ai_rl_1', 'not_available_ai_rl_1']
  Speed columns found: ['walking_speed_1', 'cutting_speed_1']
  Episodes range: 0 to 99
  Sample data for first episode:
    Episode: 0
    Seed: 0
    Game type: classic
    walking_speed_1: 1.0
    cutting_speed_1: 1.0
    pure_reward_ai_rl_1: 2.0
    deliver_ai_rl_1: 0
    cut_ai_rl_1: 1
    salad_ai_rl_1: 0
  Found REWARD_WEIGHTS: {'ai_rl_1': (1.0, 0.0)}
  Reward pattern matches: [('ai_rl_1', '1.0', '0.0')]
  GAME_VERSION extracted: classic
  Found WALKING_SPEEDS: {'ai_rl_1': 1.0}
    Extracted walking_speed_1: 1.0
  Found CUTTING_SPEEDS: {'ai_rl_1': 1.0}
    Extracted cutting_speed_1: 1.0
Processing /data/samuel_lozano/cooked/pretraining/classic/random_init/map_encouraged_division_of_labor_large/synergy_0/specialized_0/Training_2026-02-07_02-50-35 with NUM_ENVS = 1
Single environment detected (NUM_ENVS = 1)
Loaded 100 episodes from single environment
Parsed training folder /data/samuel_lozano/cooked/pretraining/classic/random_init/map_encouraged_division_of_labor_large/synergy_0/specialized_0/Training_2026-02-07_02-50-35:
  NUM_ENVS detected: 1
  SEED detected: 0
  GAME_TYPE detected: classic
  Walking speeds: {1: 1.0}
  Cutting speeds: {1: 1.0}
  DataFrame shape: (100, 39)
  All columns: ['timestamp', 'alpha_1', 'beta_1', 'lr', 'seed', 'game_type', 'walking_speed_1', 'cutting_speed_1', 'episode', 'collisions_detected', 'collisions_rerouted', 'collisions_failed', 'pure_reward_ai_rl_1', 'modified_reward_ai_rl_1', 'deliver_ai_rl_1', 'salad_ai_rl_1', 'cut_ai_rl_1', 'plate_ai_rl_1', 'raw_food_ai_rl_1', 'counter_ai_rl_1', 'actions_asked_ai_rl_1', 'actions_not_available_ai_rl_1', 'inaccessible_actions_ai_rl_1', 'do_nothing_ai_rl_1', 'useless_floor_ai_rl_1', 'useless_wall_ai_rl_1', 'useless_counter_ai_rl_1', 'useful_counter_ai_rl_1', 'salad_assembly_ai_rl_1', 'destructive_food_dispenser_ai_rl_1', 'useful_food_dispenser_ai_rl_1', 'useless_cutting_board_ai_rl_1', 'useful_cutting_board_ai_rl_1', 'destructive_plate_dispenser_ai_rl_1', 'useful_plate_dispenser_ai_rl_1', 'useless_delivery_ai_rl_1', 'useful_delivery_ai_rl_1', 'inaccessible_tile_ai_rl_1', 'not_available_ai_rl_1']
  Speed columns found: ['walking_speed_1', 'cutting_speed_1']
  Episodes range: 0 to 99
  Sample data for first episode:
    Episode: 0
    Seed: 0
    Game type: classic
    walking_speed_1: 1.0
    cutting_speed_1: 1.0
    pure_reward_ai_rl_1: 7.0
    deliver_ai_rl_1: 0
    cut_ai_rl_1: 1
    salad_ai_rl_1: 1
  Found REWARD_WEIGHTS: {'ai_rl_1': (1.0, 0.0)}
  Reward pattern matches: [('ai_rl_1', '1.0', '0.0')]
  GAME_VERSION extracted: classic
  Found WALKING_SPEEDS: {'ai_rl_1': 0.4}
    Extracted walking_speed_1: 0.4
  Found CUTTING_SPEEDS: {'ai_rl_1': 1.0}
    Extracted cutting_speed_1: 1.0
Processing /data/samuel_lozano/cooked/pretraining/classic/random_init/map_encouraged_division_of_labor_large/synergy_0/specialized_0/Training_2026-02-07_02-51-55 with NUM_ENVS = 1
Single environment detected (NUM_ENVS = 1)
Loaded 100 episodes from single environment
Parsed training folder /data/samuel_lozano/cooked/pretraining/classic/random_init/map_encouraged_division_of_labor_large/synergy_0/specialized_0/Training_2026-02-07_02-51-55:
  NUM_ENVS detected: 1
  SEED detected: 0
  GAME_TYPE detected: classic
  Walking speeds: {1: 0.4}
  Cutting speeds: {1: 1.0}
  DataFrame shape: (100, 39)
  All columns: ['timestamp', 'alpha_1', 'beta_1', 'lr', 'seed', 'game_type', 'walking_speed_1', 'cutting_speed_1', 'episode', 'collisions_detected', 'collisions_rerouted', 'collisions_failed', 'pure_reward_ai_rl_1', 'modified_reward_ai_rl_1', 'deliver_ai_rl_1', 'salad_ai_rl_1', 'cut_ai_rl_1', 'plate_ai_rl_1', 'raw_food_ai_rl_1', 'counter_ai_rl_1', 'actions_asked_ai_rl_1', 'actions_not_available_ai_rl_1', 'inaccessible_actions_ai_rl_1', 'do_nothing_ai_rl_1', 'useless_floor_ai_rl_1', 'useless_wall_ai_rl_1', 'useless_counter_ai_rl_1', 'useful_counter_ai_rl_1', 'salad_assembly_ai_rl_1', 'destructive_food_dispenser_ai_rl_1', 'useful_food_dispenser_ai_rl_1', 'useless_cutting_board_ai_rl_1', 'useful_cutting_board_ai_rl_1', 'destructive_plate_dispenser_ai_rl_1', 'useful_plate_dispenser_ai_rl_1', 'useless_delivery_ai_rl_1', 'useful_delivery_ai_rl_1', 'inaccessible_tile_ai_rl_1', 'not_available_ai_rl_1']
  Speed columns found: ['walking_speed_1', 'cutting_speed_1']
  Episodes range: 0 to 99
  Sample data for first episode:
    Episode: 0
    Seed: 0
    Game type: classic
    walking_speed_1: 0.4
    cutting_speed_1: 1.0
    pure_reward_ai_rl_1: 7.0
    deliver_ai_rl_1: 0
    cut_ai_rl_1: 1
    salad_ai_rl_1: 1
  Found REWARD_WEIGHTS: {'ai_rl_1': (1.0, 0.0)}
  Reward pattern matches: [('ai_rl_1', '1.0', '0.0')]
  GAME_VERSION extracted: classic
  Found WALKING_SPEEDS: {'ai_rl_1': 0.4}
    Extracted walking_speed_1: 0.4
  Found CUTTING_SPEEDS: {'ai_rl_1': 1.0}
    Extracted cutting_speed_1: 1.0
Processing /data/samuel_lozano/cooked/pretraining/classic/random_init/map_encouraged_division_of_labor_large/synergy_0/specialized_0/Training_2026-02-07_02-52-20 with NUM_ENVS = 1
Single environment detected (NUM_ENVS = 1)
Loaded 100 episodes from single environment
Parsed training folder /data/samuel_lozano/cooked/pretraining/classic/random_init/map_encouraged_division_of_labor_large/synergy_0/specialized_0/Training_2026-02-07_02-52-20:
  NUM_ENVS detected: 1
  SEED detected: 0
  GAME_TYPE detected: classic
  Walking speeds: {1: 0.4}
  Cutting speeds: {1: 1.0}
  DataFrame shape: (100, 39)
  All columns: ['timestamp', 'alpha_1', 'beta_1', 'lr', 'seed', 'game_type', 'walking_speed_1', 'cutting_speed_1', 'episode', 'collisions_detected', 'collisions_rerouted', 'collisions_failed', 'pure_reward_ai_rl_1', 'modified_reward_ai_rl_1', 'deliver_ai_rl_1', 'salad_ai_rl_1', 'cut_ai_rl_1', 'plate_ai_rl_1', 'raw_food_ai_rl_1', 'counter_ai_rl_1', 'actions_asked_ai_rl_1', 'actions_not_available_ai_rl_1', 'inaccessible_actions_ai_rl_1', 'do_nothing_ai_rl_1', 'useless_floor_ai_rl_1', 'useless_wall_ai_rl_1', 'useless_counter_ai_rl_1', 'useful_counter_ai_rl_1', 'salad_assembly_ai_rl_1', 'destructive_food_dispenser_ai_rl_1', 'useful_food_dispenser_ai_rl_1', 'useless_cutting_board_ai_rl_1', 'useful_cutting_board_ai_rl_1', 'destructive_plate_dispenser_ai_rl_1', 'useful_plate_dispenser_ai_rl_1', 'useless_delivery_ai_rl_1', 'useful_delivery_ai_rl_1', 'inaccessible_tile_ai_rl_1', 'not_available_ai_rl_1']
  Speed columns found: ['walking_speed_1', 'cutting_speed_1']
  Episodes range: 0 to 99
  Sample data for first episode:
    Episode: 0
    Seed: 0
    Game type: classic
    walking_speed_1: 0.4
    cutting_speed_1: 1.0
    pure_reward_ai_rl_1: 0.0
    deliver_ai_rl_1: 0
    cut_ai_rl_1: 0
    salad_ai_rl_1: 0
Found 4 folders, successfully processed 4
Folders found: ['Training_2026-02-07_02-46-54', 'Training_2026-02-07_02-50-35', 'Training_2026-02-07_02-51-55', 'Training_2026-02-07_02-52-20']
Folders processed: ['Training_2026-02-07_02-46-54', 'Training_2026-02-07_02-50-35', 'Training_2026-02-07_02-51-55', 'Training_2026-02-07_02-52-20']
Created pure_reward_total from pure_reward_ai_rl_1
Created total_deliveries from deliver_ai_rl_1
After prepare_dataframe processing:
  DataFrame shape: (400, 43)
  Key columns present:
    episode: YES (sample value: 99)
    pure_reward_total: YES (sample value: 14.0)
    total_deliveries: YES (sample value: 0)
    pure_reward_ai_rl_1: YES (sample value: 14.0)
    deliver_ai_rl_1: YES (sample value: 0)
  Speed-related columns: ['walking_speed_1', 'cutting_speed_1', 'speed_key']
    walking_speed_1: 0.4
    cutting_speed_1: 1.0
    speed_key: 0.4_1.0
  game_type: classic
  Loaded 400 training records
  Unique attitudes: 1
  Figures will be saved to: /data/samuel_lozano/cooked/pretraining/classic/random_init/map_encouraged_division_of_labor_large/synergy_0/specialized_0/training_figures/
Generating pretrained experiment plots for Agent 1...
  Generating plots for Agent 1 (400 episodes)
Generating individual training plots...
Found 4 individual training sessions
  Training 2026-02-07_02-52-20: Agent 1
  Training 2026-02-07_02-46-54: Agent 1
  Training 2026-02-07_02-50-35: Agent 1
  Training 2026-02-07_02-51-55: Agent 1
Individual training plots saved to: /data/samuel_lozano/cooked/pretraining/classic/random_init/map_encouraged_division_of_labor_large/synergy_0/specialized_0/training_figures/individual_trainings
Generating attitude-specific analysis for Agent 1...
Individual attitudes found for Agent 1: ['1.0_0.0']
Available rewarded metrics for Agent 1: ['cut_ai_rl_1', 'salad_ai_rl_1', 'deliver_ai_rl_1', 'plate_ai_rl_1', 'raw_food_ai_rl_1', 'counter_ai_rl_1']
Pretrained analysis completed. Figures saved to /data/samuel_lozano/cooked/pretraining/classic/random_init/map_encouraged_division_of_labor_large/synergy_0/specialized_0/training_figures/

Completed analysis for init type: random_init

================================================================================
All analysis completed successfully!
================================================================================
/samuel_lozano/cooked/pretraining/classic_collision/random_init/map_encouraged_division_of_labor_large/synergy_0/specialized_0/training_figures/

Completed analysis for init type: random_init

================================================================================
All analysis completed successfully!
================================================================================
